// Jest Snapshot v1, https://goo.gl/fbAQLP

exports[`Single Item Component should render layout 1`] = `
<div
  className="item"
>
  <a
    className="item_img"
    href="/details/id1"
    onClick={[Function]}
  >
    <img
      alt="recipe pic"
      src="test url"
    />
  </a>
  <div
    className="item_details"
  >
    <a
      className="title"
      href="/details/id1"
      onClick={[Function]}
    >
      test title
    </a>
    <div
      className="date"
    >
      2020 M08 11
    </div>
    <div
      className="short_content"
    >
      test description
      ...
    </div>
    <div
      className="item_meta"
    >
      <span
        className="cell"
      >
        <svg
          aria-hidden="true"
          className="svg-inline--fa fa-user fa-w-14 fa"
          data-icon="user"
          data-prefix="fas"
          focusable="false"
          role="img"
          style={Object {}}
          viewBox="0 0 448 512"
          xmlns="http://www.w3.org/2000/svg"
        >
          <path
            d="M224 256c70.7 0 128-57.3 128-128S294.7 0 224 0 96 57.3 96 128s57.3 128 128 128zm89.6 32h-16.7c-22.2 10.2-46.9 16-72.9 16s-50.6-5.8-72.9-16h-16.7C60.2 288 0 348.2 0 422.4V464c0 26.5 21.5 48 48 48h352c26.5 0 48-21.5 48-48v-41.6c0-74.2-60.2-134.4-134.4-134.4z"
            fill="currentColor"
            style={Object {}}
          />
        </svg>
        <span>
          user1
        </span>
      </span>
      <span
        className="cell"
      >
        <svg
          aria-hidden="true"
          className="svg-inline--fa fa-heart fa-w-16 fa"
          data-icon="heart"
          data-prefix="fas"
          focusable="false"
          role="img"
          style={Object {}}
          viewBox="0 0 512 512"
          xmlns="http://www.w3.org/2000/svg"
        >
          <path
            d="M462.3 62.6C407.5 15.9 326 24.3 275.7 76.2L256 96.5l-19.7-20.3C186.1 24.3 104.5 15.9 49.7 62.6c-62.8 53.6-66.1 149.8-9.9 207.9l193.5 199.8c12.5 12.9 32.8 12.9 45.3 0l193.5-199.8c56.3-58.1 53-154.3-9.8-207.9z"
            fill="currentColor"
            style={Object {}}
          />
        </svg>
        <span>
          1
        </span>
      </span>
    </div>
  </div>
</div>
`;
