// Jest Snapshot v1, https://goo.gl/fbAQLP

exports[`Home Component should render layout 1`] = `
Array [
  <IndexBanner />,
  <ItemsList
    maxElements={8}
    sortCriterion="createdDate"
  />,
  <IndexInfo />,
  <ItemsList
    maxElements={8}
    sortCriterion="likes"
  />,
]
`;
