// Jest Snapshot v1, https://goo.gl/fbAQLP

exports[`Profile Component should render page layout 1`] = `
<section
  className="sec content_sec"
>
  <div
    className="container tcenter"
  >
    <Notifications />
    <h2
      className="page_title"
    >
      <span>
        Профил
      </span>
    </h2>
    <form
      className="profile_form"
      onSubmit={[Function]}
    >
      <div
        className="input_row"
      >
        <label
          className="lbl"
        >
          Потребителско име 
          <span
            className="tred"
          >
            *
          </span>
        </label>
        <input
          className="input_text input_text"
          disabled={true}
          name="username"
          onChange={[Function]}
          type="text"
          value="test"
        />
      </div>
      <div
        className="input_row"
      >
        <label
          className="lbl"
        >
          Имейл 
          <span
            className="tred"
          >
            *
          </span>
        </label>
        <input
          className="input_text input_text"
          disabled={true}
          name="email"
          onChange={[Function]}
          type="email"
          value="test@test.com"
        />
      </div>
      <div
        className="input_row"
      >
        <label
          className="lbl"
        >
          Парола 
          <span
            className="tred"
          >
            *
          </span>
        </label>
        <input
          className="input_text input_text"
          name="password"
          onChange={[Function]}
          required={true}
          type="password"
          value=""
        />
      </div>
      <div
        className="input_row"
      >
        <label
          className="lbl"
        >
          Повтори паролата 
          <span
            className="tred"
          >
            *
          </span>
        </label>
        <input
          className="input_text input_text"
          name="rePassword"
          onChange={[Function]}
          required={true}
          type="password"
          value=""
        />
      </div>
      <div
        className="input_row"
      >
        <button
          className="btn"
          type="submit"
        >
          Редактирай
        </button>
      </div>
    </form>
  </div>
</section>
`;
